// Jest Snapshot v1, https://goo.gl/fbAQLP

exports[`App renders correctly 1`] = `
<Context.Provider
  value={
    Object {
      "alternativeContainerStyle": Object {
        "backgroundColor": "#ddd",
      },
      "barStyle": "light-content",
      "containerStyle": Object {
        "backgroundColor": "#ccc",
      },
      "textStyle": Object {
        "color": "#333",
      },
    }
  }
>
  <ForwardRef(NavigationContainerInner)>
    <NativeStackNavigator
      initialRouteName="IssuesBrowser"
    >
      <Screen
        component={[Function]}
        name="Settings"
        options={
          Object {
            "title": "Settings",
          }
        }
      />
      <Screen
        component={[Function]}
        name="IssuesBrowser"
        options={
          Object {
            "title": "Browse Issues",
          }
        }
      />
      <Screen
        component={[Function]}
        name="IssueViewer"
        options={
          Object {
            "title": "Issue Viewer",
          }
        }
      />
      <Screen
        component={[Function]}
        name="BookmarksBrowser"
        options={
          Object {
            "title": "Issue Viewer",
          }
        }
      />
    </NativeStackNavigator>
  </ForwardRef(NavigationContainerInner)>
</Context.Provider>
`;
