// Jest Snapshot v1, https://goo.gl/fbAQLP

exports[`App renders correctly 1`] = `
<RCTSafeAreaView
  emulateUnlessSupported={true}
  style={
    Array [
      Object {
        "backgroundColor": "#ccc",
      },
      Object {
        "display": "flex",
        "flex": 1,
        "flexGrow": 1,
        "width": "100%",
      },
    ]
  }
>
  <RCTScrollView
    contentInsetAdjustmentBehavior="automatic"
    style={
      Object {
        "backgroundColor": "#ccc",
      }
    }
  >
    <View>
      <View>
        <View
          style={
            Array [
              Object {
                "display": "flex",
                "flex": 1,
                "flexDirection": "column",
                "flexGrow": 1,
              },
            ]
          }
        >
          <Text
            style={
              Array [
                Object {
                  "color": "#333",
                },
                Object {
                  "flex": 1,
                  "fontSize": 24,
                  "fontWeight": "600",
                },
              ]
            }
          >
            Bookmarks
          </Text>
          <View
            style={
              Object {
                "position": "relative",
              }
            }
          >
            <RCTScrollView
              style={
                Object {
                  "display": "flex",
                  "flex": 1,
                  "flexDirection": "column",
                }
              }
            >
              <View>
                <View
                  style={
                    Array [
                      Object {
                        "borderBottomColor": "#fff",
                        "borderBottomWidth": 1,
                        "display": "flex",
                        "flex": 1,
                        "paddingBottom": 5,
                        "paddingTop": 18,
                      },
                      Object {
                        "backgroundColor": "#ddd",
                      },
                    ]
                  }
                >
                  <View
                    accessible={true}
                    focusable={true}
                    onClick={[Function]}
                    onResponderGrant={[Function]}
                    onResponderMove={[Function]}
                    onResponderRelease={[Function]}
                    onResponderTerminate={[Function]}
                    onResponderTerminationRequest={[Function]}
                    onStartShouldSetResponder={[Function]}
                    style={
                      Object {
                        "opacity": 1,
                      }
                    }
                  >
                    <Text
                      style={
                        Object {
                          "color": "#056aff",
                          "display": "flex",
                          "flex": 1,
                          "flexWrap": "wrap",
                          "fontSize": 20,
                          "fontWeight": "normal",
                          "lineHeight": 24,
                          "marginBottom": 20,
                          "paddingLeft": 20,
                        }
                      }
                    >
                      Clear GitHub Connect settings when not restoring settings
                    </Text>
                    <Text
                      style={
                        Array [
                          Object {
                            "color": "#333",
                          },
                          Object {
                            "fontSize": 18,
                            "lineHeight": 20,
                            "paddingLeft": 20,
                          },
                        ]
                      }
                    >
                      Issue of 
                      testuser/testrepo
                    </Text>
                    <Text
                      style={
                        Array [
                          Object {
                            "color": "#333",
                          },
                          Object {
                            "fontSize": 18,
                            "lineHeight": 20,
                            "paddingLeft": 20,
                          },
                        ]
                      }
                    >
                      Created 
                      6 days
                       ago
                    </Text>
                    <Text
                      style={
                        Array [
                          Object {
                            "color": "#333",
                          },
                          Object {
                            "fontSize": 18,
                            "lineHeight": 20,
                            "paddingLeft": 20,
                          },
                        ]
                      }
                    >
                      Updated 
                      about 15 hours
                       ago
                    </Text>
                  </View>
                  <View
                    style={
                      Object {
                        "marginTop": 20,
                        "paddingLeft": 20,
                        "paddingRight": 20,
                      }
                    }
                  >
                    <View
                      accessibilityRole="button"
                      accessible={true}
                      focusable={true}
                      onClick={[Function]}
                      onResponderGrant={[Function]}
                      onResponderMove={[Function]}
                      onResponderRelease={[Function]}
                      onResponderTerminate={[Function]}
                      onResponderTerminationRequest={[Function]}
                      onStartShouldSetResponder={[Function]}
                      style={
                        Object {
                          "opacity": 1,
                        }
                      }
                    >
                      <View
                        style={
                          Array [
                            Object {},
                          ]
                        }
                      >
                        <Text
                          style={
                            Array [
                              Object {
                                "color": "#007AFF",
                                "fontSize": 18,
                                "margin": 8,
                                "textAlign": "center",
                              },
                            ]
                          }
                        >
                          Remove bookmark
                        </Text>
                      </View>
                    </View>
                  </View>
                </View>
              </View>
            </RCTScrollView>
          </View>
        </View>
      </View>
    </View>
  </RCTScrollView>
</RCTSafeAreaView>
`;
